// Jest Snapshot v1, https://goo.gl/fbAQLP

exports[`container should not be empty 1`] = `
<div>
  <div
    class="sc-beySPh dhajrx"
  >
    Test
  </div>
</div>
`;
