// Jest Snapshot v1, https://goo.gl/fbAQLP

exports[`footer should not be empty 1`] = `
<div>
  <footer
    class="sc-bBkKde dUSTSC"
  >
    <div
      class="sc-beySPh dhajrx"
    >
      <div
        class="sc-iuOOrT bujGuO"
      >
        <div
          class="sc-cyZbeP cCqVKS"
        >
          <div
            class="sc-jsEeTM cVZclg"
          >
            <a
              class="sc-kFCroH XbetV"
              href="/"
            >
              <img
                alt="logo"
                src="/upload/iblock/1a8/1a8a5771cc80a6d2ef5a93e271ebfd1f.png"
              />
            </a>
          </div>
          <div
            class="sc-lnsjTu SxwZK"
          />
        </div>
        <div
          class="sc-iKOmoZ fGwYyV"
        >
          <div
            class="sc-gjLLEI hhqhZb"
          >
            <h3
              class="sc-eAKtBH hLtthD"
            >
              Каталог товаров
            </h3>
            <div
              class="sc-bZHSRq hmtuSQ"
            >
              <div
                class="sc-kMzELR eXqzuZ"
              >
                <a
                  href="/catalog/motobloki"
                >
                  Мотоблоки
                </a>
              </div>
              <div
                class="sc-kMzELR eXqzuZ"
              >
                <a
                  href="/catalog/motoblochnoe-navesnoe-oborudovanie"
                >
                  Мотоблочное навесное оборудование
                </a>
              </div>
              <div
                class="sc-kMzELR eXqzuZ"
              >
                <a
                  href="/catalog/motobloki/motobloki-i-motokultivatory-kentavr-besplatnaya-dostavka/motobloki-s-vozdushnym-okhlazhdeniem-kentavr"
                >
                  Мотоблоки "КЕНТАВР"
                </a>
              </div>
              <div
                class="sc-kMzELR eXqzuZ"
              >
                <a
                  href="/catalog/tekhnika-dlya-sada-i-ogoroda/benzopila"
                >
                  Бензопила
                </a>
              </div>
            </div>
          </div>
          <div
            class="sc-gjLLEI hhqhZb"
          >
            <h3
              class="sc-eAKtBH hLtthD"
            >
              О магазине
            </h3>
            <div
              class="sc-bZHSRq hmtuSQ"
            >
              <div
                class="sc-kMzELR eXqzuZ"
              >
                <a
                  href="/o-magazine"
                >
                  О магазине
                </a>
              </div>
              <div
                class="sc-kMzELR eXqzuZ"
              >
                <a
                  href="/garantii-i-vozvrat"
                >
                  Гарантии и возврат
                </a>
              </div>
              <div
                class="sc-kMzELR eXqzuZ"
              >
                <a
                  href="/oplata-i-dostavka"
                >
                  Оплата и доставка
                </a>
              </div>
            </div>
          </div>
          <div
            class="sc-gjLLEI hhqhZb"
          >
            <h3
              class="sc-eAKtBH hLtthD"
            >
              КОНТАКТЫ
            </h3>
            <div
              class="sc-bZHSRq hmtuSQ"
            >
              <div
                class="sc-kMzELR eXqzuZ"
              >
                <a
                  class="sc-irLvIq gUvpOU"
                  href="mailto:support@test.com"
                >
                  support@test.com
                </a>
              </div>
              <div
                class="sc-kMzELR eXqzuZ"
              >
                <a
                  class="sc-irLvIq gUvpOU"
                  href="tel:+380660000005"
                >
                  +38 066 000 00 05
                </a>
              </div>
              <div
                class="sc-kMzELR eXqzuZ"
              >
                <a
                  class="sc-irLvIq gUvpOU"
                  href="tel:+380660000004"
                >
                  +38 066 000 00 04
                </a>
              </div>
            </div>
          </div>
        </div>
      </div>
    </div>
  </footer>
</div>
`;
